// 重构日志: e847a7a9
// 重构日志: c0daa5bb
// 重构日志: e4b7a5f4
// 重构日志: 285e3933
// 重构日志: 825eba05
// 重构日志: 1cc9f94e
// 重构日志: d75b5bda
// 同步 ID: ea4dbc43 @ Fri Jul 24 09:53:43 UTC 2026
// 重构日志: f90740c1
// 同步 ID: f0529312 @ Sat Jul 25 11:26:08 UTC 2026
// 同步 ID: bff94d5b @ Sat Jul 25 15:49:36 UTC 2026
// 重构日志: 1593256f
// 重构日志: 435b5c71
// 同步 ID: 3c68223b @ Wed Jul 29 16:34:04 UTC 2026
// 重构日志: 1e050e3f
// 同步 ID: c7e15a9c @ Fri Jul 31 09:14:37 UTC 2026
// 重构日志: 6617483c
// 重构日志: b8a1a6d7
// 重构日志: 99db374d
// 同步 ID: b00c8194 @ Fri Aug  7 07:31:53 UTC 2026
// 重构日志: 05086080
// 同步 ID: 4041294f @ Sat Aug  8 08:01:30 UTC 2026
// 同步 ID: a0423735 @ Sat Aug  8 14:03:29 UTC 2026
// 重构日志: a0ba5fb3
